[{"stream_name":"stdout","time":10.554507491,"data":"[ext1] device = cuda   torch=2.10.0+cu128  numpy=2.0.2  scipy=1.16.3\n"}
,{"stream_name":"stdout","time":10.555391626,"data":"Locating and verifying saddles (n=7 optimizer extension, functions/thresholds unchanged from baseline)...\n"}
,{"stream_name":"stdout","time":24.413908656,"data":"  Himmelblau: 3 saddle(s); using [-0.128 -1.954]  lambda_min=-50.61  r_curv=0.141  (13.9s)\n"}
,{"stream_name":"stdout","time":37.441011162,"data":"  Ackley: 3 saddle(s); using [-0.577  0.875]  lambda_min=-17.11  r_curv=0.242  (13.0s)\n"}
,{"stream_name":"stdout","time":46.205643635,"data":"  Rastrigin: 3 saddle(s); using [ 0.503 -0.   ]  lambda_min=-392.73  r_curv=0.050  (8.8s)\n"}
,{"stream_name":"stdout","time":55.941392914,"data":"  Styblinski: 3 saddle(s); using [0.157 2.747]  lambda_min=-15.85  r_curv=0.251  (9.7s)\n"}
,{"stream_name":"stdout","time":87.385114363,"data":"  Levy: 3 saddle(s); using [ 1.    -2.257]  lambda_min=-2.96  r_curv=0.582  (31.4s)\n"}
,{"stream_name":"stdout","time":87.385180644,"data":"\n"}
,{"stream_name":"stdout","time":87.38518815,"data":"Running all configs: 5 functions x 7 optimizers x 6 LRs = 210 configs\n"}
,{"stream_name":"stdout","time":148.775467104,"data":"  Himmelblau done. (61.4s elapsed)\n"}
,{"stream_name":"stdout","time":202.856567192,"data":"  Ackley done. (115.5s elapsed)\n"}
,{"stream_name":"stdout","time":244.965974307,"data":"  Rastrigin done. (157.6s elapsed)\n"}
,{"stream_name":"stdout","time":289.079951413,"data":"  Styblinski done. (201.7s elapsed)\n"}
,{"stream_name":"stdout","time":376.943029295,"data":"  Levy done. (289.6s elapsed)\n"}
,{"stream_name":"stdout","time":376.943075359,"data":"\n"}
,{"stream_name":"stdout","time":376.943083599,"data":"Lion robustness check: rerunning at unscaled LRS grid (no 10x scaling)...\n"}
,{"stream_name":"stdout","time":418.414827948,"data":"  Lion unscaled-LR sweep done. (41.5s)\n"}
,{"stream_name":"stdout","time":418.459279126,"data":"  function criterion  Lion_best_scaled_lr  Lion_best_unscaled_lr     diff\n"}
,{"stream_name":"stdout","time":418.459315453,"data":"Himmelblau         A             0.029529               0.250313 0.220784\n"}
,{"stream_name":"stdout","time":418.459322547,"data":"Himmelblau         B             0.017945               0.138504 0.120559\n"}
,{"stream_name":"stdout","time":418.459328341,"data":"Himmelblau         C             0.492611               1.000000 0.507389\n"}
,{"stream_name":"stdout","time":418.459333887,"data":"Himmelblau         D             0.017945               0.138504 0.120559\n"}
,{"stream_name":"stdout","time":418.459340262,"data":"    Ackley         A             0.000000               0.017393 0.017393\n"}
,{"stream_name":"stdout","time":418.459346179,"data":"    Ackley         B             0.154799               0.420393 0.265594\n"}
,{"stream_name":"stdout","time":418.459351732,"data":"    Ackley         C             0.265604               1.000000 0.734396\n"}
,{"stream_name":"stdout","time":418.459357553,"data":"    Ackley         D             0.154799               0.358051 0.203252\n"}
,{"stream_name":"stdout","time":418.459363027,"data":" Rastrigin         A             0.000000               0.000000 0.000000\n"}
,{"stream_name":"stdout","time":418.459369131,"data":" Rastrigin         B             0.250627               0.696864 0.446238\n"}
,{"stream_name":"stdout","time":418.45937476,"data":" Rastrigin         C             0.975610               1.000000 0.024390\n"}
,{"stream_name":"stdout","time":418.45938022,"data":" Rastrigin         D             0.250627               0.696864 0.446238\n"}
,{"stream_name":"stdout","time":418.459385425,"data":"Styblinski         A             0.025674               0.250000 0.224326\n"}
,{"stream_name":"stdout","time":418.459409038,"data":"Styblinski         B             0.031476               0.284495 0.253019\n"}
,{"stream_name":"stdout","time":418.459414095,"data":"Styblinski         C             0.249377               1.000000 0.750623\n"}
,{"stream_name":"stdout","time":418.459418415,"data":"Styblinski         D             0.031476               0.284495 0.253019\n"}
,{"stream_name":"stdout","time":418.459422467,"data":"      Levy         A             0.013070               0.117195 0.104124\n"}
,{"stream_name":"stdout","time":418.459426703,"data":"      Levy         B             0.120120               0.746269 0.626149\n"}
,{"stream_name":"stdout","time":418.459430759,"data":"      Levy         C             0.000000               0.016483 0.016483\n"}
,{"stream_name":"stdout","time":418.459435104,"data":"      Levy         D             0.043278               0.171526 0.128248\n"}
,{"stream_name":"stdout","time":418.459443342,"data":"\n"}
,{"stream_name":"stdout","time":418.459448023,"data":"Mean Lion SEE, scaled-LR convention:   0.156\n"}
,{"stream_name":"stdout","time":418.459596061,"data":"Mean Lion SEE, unscaled-LR grid:       0.429\n"}
,{"stream_name":"stdout","time":418.492615381,"data":"Raw trial data saved to /kaggle/working/results/raw/ext1_raw_trials.pkl\n"}
,{"stream_name":"stdout","time":418.492647755,"data":"\n"}
,{"stream_name":"stdout","time":418.492652815,"data":"SEE at lr=0.2  (A_fixed-r / B_curvature / C_eigendisp / D_loss)  [n=7 optimizers]\n"}
,{"stream_name":"stdout","time":418.492657403,"data":"\n"}
,{"stream_name":"stdout","time":418.492661569,"data":"Himmelblau:\n"}
,{"stream_name":"stdout","time":418.548607739,"data":"  GD_fixed     : 0.485±0.015 / 0.435±0.017 / 0.877±0.042 / 0.103±0.030\n"}
,{"stream_name":"stdout","time":418.600436951,"data":"  Adam         : 0.102±0.001 / 0.065±0.003 / 1.000±0.000 / 0.065±0.003\n"}
,{"stream_name":"stdout","time":418.651805448,"data":"  RMSProp      : 1.000±0.000 / 0.451±0.016 / 1.000±0.000 / 0.451±0.015\n"}
,{"stream_name":"stdout","time":418.703263187,"data":"  AdaGrad      : 0.062±0.000 / 0.050±0.000 / 1.000±0.000 / 0.050±0.000\n"}
,{"stream_name":"stdout","time":418.753188895,"data":"  AdamW        : 0.102±0.001 / 0.063±0.003 / 1.000±0.000 / 0.063±0.003\n"}
,{"stream_name":"stdout","time":418.803126808,"data":"  SGD_Nesterov : 0.581±0.025 / 0.498±0.021 / 0.926±0.032 / 0.165±0.050\n"}
,{"stream_name":"stdout","time":418.852220574,"data":"  Lion         : 0.012±0.000 / 0.007±0.000 / 0.239±0.017 / 0.007±0.000\n"}
,{"stream_name":"stdout","time":418.852258962,"data":"\n"}
,{"stream_name":"stdout","time":418.85227003,"data":"Ackley:\n"}
,{"stream_name":"stdout","time":418.900689496,"data":"  GD_fixed     : 0.075±0.008 / 0.128±0.017 / 0.595±0.044 / 0.113±0.015\n"}
,{"stream_name":"stdout","time":418.949452879,"data":"  Adam         : 0.000±0.000 / 0.342±0.030 / 0.746±0.036 / 0.333±0.027\n"}
,{"stream_name":"stdout","time":418.998969822,"data":"  RMSProp      : 1.000±0.000 / 0.095±0.009 / 1.000±0.000 / 0.047±0.005\n"}
,{"stream_name":"stdout","time":419.048643037,"data":"  AdaGrad      : 0.000±0.000 / 0.437±0.026 / 0.746±0.036 / 0.426±0.024\n"}
,{"stream_name":"stdout","time":419.100907394,"data":"  AdamW        : 0.000±0.000 / 0.338±0.029 / 0.743±0.036 / 0.329±0.027\n"}
,{"stream_name":"stdout","time":419.152100296,"data":"  SGD_Nesterov : 0.244±0.018 / 0.121±0.015 / 0.712±0.047 / 0.031±0.009\n"}
,{"stream_name":"stdout","time":419.200174378,"data":"  Lion         : 0.000±0.000 / 0.062±0.006 / 0.116±0.005 / 0.062±0.006\n"}
,{"stream_name":"stdout","time":419.200225744,"data":"\n"}
,{"stream_name":"stdout","time":419.200246092,"data":"Rastrigin:\n"}
,{"stream_name":"stdout","time":419.251867332,"data":"  GD_fixed     : 0.957±0.025 / 0.247±0.032 / 0.971±0.021 / 0.012±0.001\n"}
,{"stream_name":"stdout","time":419.300085485,"data":"  Adam         : 0.000±0.000 / 0.697±0.034 / 1.000±0.000 / 0.697±0.034\n"}
,{"stream_name":"stdout","time":419.349665587,"data":"  RMSProp      : 1.000±0.000 / 0.243±0.037 / 1.000±0.000 / 0.052±0.008\n"}
,{"stream_name":"stdout","time":419.399013038,"data":"  AdaGrad      : 0.000±0.000 / 0.697±0.034 / 1.000±0.000 / 0.697±0.033\n"}
,{"stream_name":"stdout","time":419.44992959,"data":"  AdamW        : 0.000±0.000 / 0.702±0.035 / 1.000±0.000 / 0.702±0.033\n"}
,{"stream_name":"stdout","time":419.500891757,"data":"  SGD_Nesterov : 0.976±0.021 / 0.243±0.030 / 0.985±0.017 / 0.005±0.001\n"}
,{"stream_name":"stdout","time":419.551012917,"data":"  Lion         : 0.000±0.000 / 0.108±0.005 / 0.725±0.049 / 0.108±0.005\n"}
,{"stream_name":"stdout","time":419.551050404,"data":"\n"}
,{"stream_name":"stdout","time":419.551053855,"data":"Styblinski:\n"}
,{"stream_name":"stdout","time":419.602297047,"data":"  GD_fixed     : 0.384±0.013 / 0.309±0.013 / 0.563±0.041 / 0.098±0.023\n"}
,{"stream_name":"stdout","time":419.652669923,"data":"  Adam         : 0.095±0.001 / 0.114±0.002 / 0.697±0.034 / 0.114±0.002\n"}
,{"stream_name":"stdout","time":419.702056395,"data":"  RMSProp      : 1.000±0.000 / 0.662±0.032 / 1.000±0.000 / 0.402±0.011\n"}
,{"stream_name":"stdout","time":419.750686314,"data":"  AdaGrad      : 0.052±0.000 / 0.077±0.002 / 0.697±0.034 / 0.077±0.001\n"}
,{"stream_name":"stdout","time":419.799845029,"data":"  AdamW        : 0.094±0.001 / 0.113±0.002 / 0.697±0.034 / 0.113±0.002\n"}
,{"stream_name":"stdout","time":419.849672242,"data":"  SGD_Nesterov : 0.491±0.013 / 0.404±0.016 / 0.702±0.049 / 0.042±0.021\n"}
,{"stream_name":"stdout","time":419.898657262,"data":"  Lion         : 0.010±0.000 / 0.013±0.000 / 0.107±0.005 / 0.013±0.000\n"}
,{"stream_name":"stdout","time":419.898737458,"data":"\n"}
,{"stream_name":"stdout","time":419.898748053,"data":"Levy:\n"}
,{"stream_name":"stdout","time":419.951808194,"data":"  GD_fixed     : 0.007±0.001 / 0.179±0.012 / 0.000±0.000 / 0.079±0.013\n"}
,{"stream_name":"stdout","time":420.004348769,"data":"  Adam         : 0.042±0.006 / 0.388±0.018 / 0.000±0.000 / 0.141±0.019\n"}
,{"stream_name":"stdout","time":420.056327829,"data":"  RMSProp      : 1.000±0.000 / 0.241±0.021 / 1.000±0.000 / 0.107±0.029\n"}
,{"stream_name":"stdout","time":420.11175678,"data":"  AdaGrad      : 0.003±0.000 / 0.396±0.018 / 0.000±0.000 / 0.139±0.019\n"}
,{"stream_name":"stdout","time":420.166389153,"data":"  AdamW        : 0.043±0.006 / 0.390±0.018 / 0.000±0.000 / 0.143±0.019\n"}
,{"stream_name":"stdout","time":420.220605846,"data":"  SGD_Nesterov : 0.079±0.011 / 0.304±0.018 / 0.000±0.000 / 0.137±0.021\n"}
,{"stream_name":"stdout","time":420.274002565,"data":"  Lion         : 0.005±0.001 / 0.050±0.002 / 0.000±0.000 / 0.018±0.002\n"}
,{"stream_name":"stdout","time":420.27657024,"data":"\n"}
,{"stream_name":"stdout","time":420.276586995,"data":"SEE at each optimizer's BEST LR per criterion  [n=7 optimizers]\n"}
,{"stream_name":"stdout","time":420.27659242,"data":"\n"}
,{"stream_name":"stdout","time":420.276596594,"data":"Himmelblau:\n"}
,{"stream_name":"stdout","time":420.277266509,"data":"  GD_fixed     : 0.637 / 0.543 / 0.943 / 0.227\n"}
,{"stream_name":"stdout","time":420.277874119,"data":"  Adam         : 0.216 / 0.143 / 1.000 / 0.143\n"}
,{"stream_name":"stdout","time":420.278434636,"data":"  RMSProp      : 1.000 / 1.000 / 1.000 / 0.451\n"}
,{"stream_name":"stdout","time":420.279064837,"data":"  AdaGrad      : 0.210 / 0.199 / 1.000 / 0.199\n"}
,{"stream_name":"stdout","time":420.279589536,"data":"  AdamW        : 0.213 / 0.140 / 1.000 / 0.140\n"}
,{"stream_name":"stdout","time":420.280261121,"data":"  SGD_Nesterov : 0.813 / 0.610 / 0.962 / 0.190\n"}
,{"stream_name":"stdout","time":420.280753955,"data":"  Lion         : 0.030 / 0.018 / 0.493 / 0.018\n"}
,{"stream_name":"stdout","time":420.280771183,"data":"\n"}
,{"stream_name":"stdout","time":420.280775398,"data":"Ackley:\n"}
,{"stream_name":"stdout","time":420.281342538,"data":"  GD_fixed     : 0.305 / 0.254 / 0.758 / 0.251\n"}
,{"stream_name":"stdout","time":420.281914846,"data":"  Adam         : 0.000 / 0.342 / 1.000 / 0.333\n"}
,{"stream_name":"stdout","time":420.282462825,"data":"  RMSProp      : 1.000 / 0.286 / 1.000 / 0.286\n"}
,{"stream_name":"stdout","time":420.283104725,"data":"  AdaGrad      : 0.000 / 0.437 / 1.000 / 0.426\n"}
,{"stream_name":"stdout","time":420.283639731,"data":"  AdamW        : 0.001 / 0.338 / 1.000 / 0.329\n"}
,{"stream_name":"stdout","time":420.28421633,"data":"  SGD_Nesterov : 0.509 / 0.258 / 0.855 / 0.201\n"}
,{"stream_name":"stdout","time":420.284736351,"data":"  Lion         : 0.000 / 0.155 / 0.266 / 0.155\n"}
,{"stream_name":"stdout","time":420.284749551,"data":"\n"}
,{"stream_name":"stdout","time":420.284754402,"data":"Rastrigin:\n"}
,{"stream_name":"stdout","time":420.285312926,"data":"  GD_fixed     : 0.985 / 0.313 / 0.990 / 0.313\n"}
,{"stream_name":"stdout","time":420.285828266,"data":"  Adam         : 0.000 / 0.697 / 1.000 / 0.697\n"}
,{"stream_name":"stdout","time":420.286409126,"data":"  RMSProp      : 1.000 / 0.422 / 1.000 / 0.422\n"}
,{"stream_name":"stdout","time":420.286974371,"data":"  AdaGrad      : 0.000 / 0.697 / 1.000 / 0.697\n"}
,{"stream_name":"stdout","time":420.28747345,"data":"  AdamW        : 0.000 / 0.702 / 1.000 / 0.702\n"}
,{"stream_name":"stdout","time":420.288146944,"data":"  SGD_Nesterov : 0.995 / 0.300 / 0.995 / 0.300\n"}
,{"stream_name":"stdout","time":420.28863444,"data":"  Lion         : 0.000 / 0.251 / 0.976 / 0.251\n"}
,{"stream_name":"stdout","time":420.28864331,"data":"\n"}
,{"stream_name":"stdout","time":420.288647928,"data":"Styblinski:\n"}
,{"stream_name":"stdout","time":420.28924919,"data":"  GD_fixed     : 0.549 / 0.444 / 0.749 / 0.221\n"}
,{"stream_name":"stdout","time":420.289784958,"data":"  Adam         : 0.208 / 0.252 / 1.000 / 0.252\n"}
,{"stream_name":"stdout","time":420.290322182,"data":"  RMSProp      : 1.000 / 1.000 / 1.000 / 0.500\n"}
,{"stream_name":"stdout","time":420.290813176,"data":"  AdaGrad      : 0.200 / 0.267 / 1.000 / 0.267\n"}
,{"stream_name":"stdout","time":420.291368385,"data":"  AdamW        : 0.207 / 0.249 / 1.000 / 0.249\n"}
,{"stream_name":"stdout","time":420.292292296,"data":"  SGD_Nesterov : 0.697 / 0.528 / 0.837 / 0.241\n"}
,{"stream_name":"stdout","time":420.292819642,"data":"  Lion         : 0.026 / 0.031 / 0.249 / 0.031\n"}
,{"stream_name":"stdout","time":420.2928334,"data":"\n"}
,{"stream_name":"stdout","time":420.292837909,"data":"Levy:\n"}
,{"stream_name":"stdout","time":420.293342851,"data":"  GD_fixed     : 0.017 / 0.332 / 0.000 / 0.147\n"}
,{"stream_name":"stdout","time":420.293899443,"data":"  Adam         : 0.103 / 0.746 / 0.000 / 0.255\n"}
,{"stream_name":"stdout","time":420.294441659,"data":"  RMSProp      : 1.000 / 0.746 / 1.000 / 0.255\n"}
,{"stream_name":"stdout","time":420.29494458,"data":"  AdaGrad      : 0.013 / 0.746 / 0.000 / 0.255\n"}
,{"stream_name":"stdout","time":420.295416479,"data":"  AdamW        : 0.104 / 0.763 / 0.000 / 0.255\n"}
,{"stream_name":"stdout","time":420.295989319,"data":"  SGD_Nesterov : 0.199 / 0.438 / 0.000 / 0.233\n"}
,{"stream_name":"stdout","time":420.296428354,"data":"  Lion         : 0.013 / 0.120 / 0.000 / 0.043\n"}
,{"stream_name":"stdout","time":420.298381558,"data":"\n"}
,{"stream_name":"stdout","time":420.298398518,"data":" pairwise Spearman between criteria (best-LR ranks), n=7 optimizers \n"}
,{"stream_name":"stdout","time":420.307231478,"data":"  Himmelblau  A-B:+0.89 A-C:+0.20 A-D:+0.71 B-D:+0.89   (n=7)\n"}
,{"stream_name":"stdout","time":420.313580527,"data":"  Ackley      A-B:-0.30 A-C:+0.02 A-D:-0.33 B-D:+0.96   (n=7)\n"}
,{"stream_name":"stdout","time":420.31968893,"data":"  Rastrigin   A-B:-0.38 A-C:-0.08 A-D:-0.38 B-D:+1.00   (n=7)\n"}
,{"stream_name":"stdout","time":420.32576506,"data":"  Styblinski  A-B:+0.89 A-C:+0.20 A-D:+0.36 B-D:+0.46   (n=7)\n"}
,{"stream_name":"stdout","time":420.331989947,"data":"  Levy        A-B:+0.48 A-C:+0.61 A-D:+0.47 B-D:+0.94   (n=7)\n"}
,{"stream_name":"stdout","time":420.333564253,"data":"\n"}
,{"stream_name":"stdout","time":420.333583587,"data":"Kendall's W concordance across the 4 criteria (best-LR), n=7 optimizers, with bootstrap CI\n"}
,{"stream_name":"stdout","time":421.377536475,"data":"  Himmelblau  W=0.62  95% CI [0.14, 0.83]  (n_items=7)\n"}
,{"stream_name":"stdout","time":422.357581931,"data":"  Ackley      W=0.48  95% CI [0.14, 0.76]  (n_items=7)\n"}
,{"stream_name":"stdout","time":423.345513251,"data":"  Rastrigin   W=0.45  95% CI [0.16, 0.73]  (n_items=7)\n"}
,{"stream_name":"stdout","time":424.293189979,"data":"  Styblinski  W=0.60  95% CI [0.05, 0.86]  (n_items=7)\n"}
,{"stream_name":"stdout","time":425.271635895,"data":"  Levy        W=0.50  95% CI [0.16, 0.71]  (n_items=7)\n"}
,{"stream_name":"stdout","time":425.276365183,"data":"\n"}
,{"stream_name":"stdout","time":425.27639655,"data":"within-family threshold stability (Spearman across variants, best-LR)\n"}
,{"stream_name":"stdout","time":425.286816232,"data":"  family A: mean rho(extreme thresholds) = +0.93 over 5 functions  (n=7 each)\n"}
,{"stream_name":"stdout","time":425.300260329,"data":"  family B: mean rho(extreme thresholds) = +1.00 over 5 functions  (n=7 each)\n"}
,{"stream_name":"stdout","time":425.312587356,"data":"  family C: mean rho(extreme thresholds) = +0.64 over 5 functions  (n=7 each)\n"}
,{"stream_name":"stdout","time":425.326296427,"data":"  family D: mean rho(extreme thresholds) = +0.87 over 5 functions  (n=7 each)\n"}
,{"stream_name":"stdout","time":425.327826858,"data":"\n"}
,{"stream_name":"stdout","time":425.327854857,"data":"Qualitative pattern check: does AdamW behave like Adam? Does Lion pattern with RMSProp?\n"}
,{"stream_name":"stdout","time":425.343692377,"data":"           abs_diff_Adam_AdamW  abs_diff_RMSProp_Lion\n"}
,{"stream_name":"stdout","time":425.343729636,"data":"criterion                                            \n"}
,{"stream_name":"stdout","time":425.3437551,"data":"A                     0.001131               0.986345\n"}
,{"stream_name":"stdout","time":425.343768647,"data":"B                     0.006227               0.575791\n"}
,{"stream_name":"stdout","time":425.343773657,"data":"C                     0.000000               0.603360\n"}
,{"stream_name":"stdout","time":425.343777721,"data":"D                     0.002656               0.283200\n"}
,{"stream_name":"stdout","time":425.343781752,"data":"\n"}
,{"stream_name":"stdout","time":425.34378568,"data":"Ext1 done. Total elapsed: 338.0s. Files in /kaggle/working/results/\n"}
,{"stream_name":"stderr","time":430.868379719,"data":"/usr/local/lib/python3.12/dist-packages/mistune.py:435: SyntaxWarning: invalid escape sequence '\\|'\n"}
,{"stream_name":"stderr","time":430.868461539,"data":"  cells[i][c] = re.sub('\\\\\\\\\\|', '|', cell)\n"}
,{"stream_name":"stderr","time":431.211551665,"data":"/usr/local/lib/python3.12/dist-packages/nbconvert/filters/filter_links.py:36: SyntaxWarning: invalid escape sequence '\\_'\n"}
,{"stream_name":"stderr","time":431.211582973,"data":"  text = re.sub(r'_', '\\_', text) # Escape underscores in display text\n"}
,{"stream_name":"stderr","time":431.996578982,"data":"[NbConvertApp] Converting notebook __script__.ipynb to html\n"}
,{"stream_name":"stderr","time":433.583231264,"data":"[NbConvertApp] Writing 409291 bytes to __results__.html\n"}
]