[{"stream_name":"stdout","time":8.583986579,"data":"[ext2] device=cuda  torch=2.10.0+cu128  numpy=2.0.2  scipy=1.16.3\n"}
,{"stream_name":"stdout","time":8.584304359,"data":"=== Ext2 dimensionality sweep: Rastrigin across n=[2, 5, 10, 25, 50] ===\n"}
,{"stream_name":"stdout","time":8.58432054,"data":"(checkpointing after every dimension -- partial progress survives a crash or timeout on a later dim)\n"}
,{"stream_name":"stdout","time":8.584324616,"data":"\n"}
,{"stream_name":"stdout","time":8.584328003,"data":"--- Rastrigin n=2 ---\n"}
,{"stream_name":"stdout","time":9.421159921,"data":"  saddle verified: 3 candidate(s); lambda_min=-392.734 lambda_max=394.998 r_curv=0.0505  (0.8s)\n"}
,{"stream_name":"stdout","time":53.908922326,"data":"  trial grid done (7x6=42 configs, 45.3s total for this dim)\n"}
,{"stream_name":"stdout","time":53.925048542,"data":"  n=2: A-B rho=-0.245   B-D rho=+1.000   (n_optimizers=7)\n"}
,{"stream_name":"stdout","time":54.72763383,"data":"  n=2: Kendall W=0.247  95% CI [0.060,0.432]\n"}
,{"stream_name":"stdout","time":54.727675323,"data":"  --- n=2 checkpoint written. total elapsed 0.8 min ---\n"}
,{"stream_name":"stdout","time":54.727681349,"data":"\n"}
,{"stream_name":"stdout","time":54.727686044,"data":"--- Rastrigin n=5 ---\n"}
,{"stream_name":"stdout","time":54.983385397,"data":"  saddle verified: 3 candidate(s); lambda_min=-392.734 lambda_max=396.784 r_curv=0.0505  (0.3s)\n"}
,{"stream_name":"stdout","time":132.284726758,"data":"  trial grid done (7x6=42 configs, 77.6s total for this dim)\n"}
,{"stream_name":"stdout","time":132.294174811,"data":"  n=5: A-B rho=-0.387   B-D rho=+1.000   (n_optimizers=7)\n"}
,{"stream_name":"stdout","time":133.091787839,"data":"  n=5: Kendall W=0.328  95% CI [0.027,0.693]\n"}
,{"stream_name":"stdout","time":133.091807588,"data":"  --- n=5 checkpoint written. total elapsed 2.1 min ---\n"}
,{"stream_name":"stdout","time":133.091813555,"data":"\n"}
,{"stream_name":"stdout","time":133.091818582,"data":"--- Rastrigin n=10 ---\n"}
,{"stream_name":"stdout","time":133.57384552,"data":"  saddle verified: 3 candidate(s); lambda_min=-392.734 lambda_max=395.991 r_curv=0.0505  (0.5s)\n"}
,{"stream_name":"stdout","time":284.424422145,"data":"  trial grid done (7x6=42 configs, 151.3s total for this dim)\n"}
,{"stream_name":"stdout","time":284.434253852,"data":"  n=10: A-B rho=-0.500   B-D rho=+1.000   (n_optimizers=7)\n"}
,{"stream_name":"stdout","time":285.228031214,"data":"  n=10: Kendall W=0.219  95% CI [0.004,0.638]\n"}
,{"stream_name":"stdout","time":285.228055957,"data":"  --- n=10 checkpoint written. total elapsed 4.6 min ---\n"}
,{"stream_name":"stdout","time":285.228061733,"data":"\n"}
,{"stream_name":"stdout","time":285.228066325,"data":"--- Rastrigin n=25 ---\n"}
,{"stream_name":"stdout","time":287.714344381,"data":"  saddle verified: 3 candidate(s); lambda_min=-392.734 lambda_max=396.784 r_curv=0.0505  (2.5s)\n"}
,{"stream_name":"stdout","time":652.688234122,"data":"  trial grid done (7x6=42 configs, 367.5s total for this dim)\n"}
,{"stream_name":"stdout","time":652.700983778,"data":"  n=25: A-B rho=+0.212   B-D rho=+1.000   (n_optimizers=7)\n"}
,{"stream_name":"stdout","time":653.521778098,"data":"  n=25: Kendall W=0.388  95% CI [0.094,0.670]\n"}
,{"stream_name":"stdout","time":653.521830443,"data":"  --- n=25 checkpoint written. total elapsed 10.7 min ---\n"}
,{"stream_name":"stdout","time":653.521837278,"data":"\n"}
,{"stream_name":"stdout","time":653.521842741,"data":"--- Rastrigin n=50 ---\n"}
,{"stream_name":"stdout","time":663.337975294,"data":"  saddle verified: 3 candidate(s); lambda_min=-392.734 lambda_max=396.784 r_curv=0.0505  (9.8s)\n"}
,{"stream_name":"stdout","time":1101.267264987,"data":"  trial grid done (7x6=42 configs, 447.7s total for this dim)\n"}
,{"stream_name":"stdout","time":1101.277741091,"data":"  n=50: A-B rho=+0.212   B-D rho=+1.000   (n_optimizers=7)\n"}
,{"stream_name":"stdout","time":1102.119995314,"data":"  n=50: Kendall W=0.287  95% CI [0.156,0.396]\n"}
,{"stream_name":"stdout","time":1102.120019954,"data":"  --- n=50 checkpoint written. total elapsed 18.2 min ---\n"}
,{"stream_name":"stdout","time":1102.120025278,"data":"\n"}
,{"stream_name":"stdout","time":1102.12003034,"data":"Rastrigin dimensionality sweep complete. Total: 18.2 min\n"}
,{"stream_name":"stdout","time":1102.120035404,"data":"Files in /kaggle/working/results/ (ext2_Rastrigin_*.csv) and /kaggle/working/results/raw/ (per-dim raw pickles)\n"}
,{"stream_name":"stderr","time":1106.113338341,"data":"/usr/local/lib/python3.12/dist-packages/mistune.py:435: SyntaxWarning: invalid escape sequence '\\|'\n"}
,{"stream_name":"stderr","time":1106.113396266,"data":"  cells[i][c] = re.sub('\\\\\\\\\\|', '|', cell)\n"}
,{"stream_name":"stderr","time":1106.337102374,"data":"/usr/local/lib/python3.12/dist-packages/nbconvert/filters/filter_links.py:36: SyntaxWarning: invalid escape sequence '\\_'\n"}
,{"stream_name":"stderr","time":1106.337129527,"data":"  text = re.sub(r'_', '\\_', text) # Escape underscores in display text\n"}
,{"stream_name":"stderr","time":1106.934921539,"data":"[NbConvertApp] Converting notebook __script__.ipynb to html\n"}
,{"stream_name":"stderr","time":1108.164785099,"data":"[NbConvertApp] Writing 434489 bytes to __results__.html\n"}
]