[{"stream_name":"stdout","time":8.915952091,"data":"[ext2-diag] device=cuda  torch=2.10.0+cu128  numpy=2.0.2\n"}
,{"stream_name":"stdout","time":8.91603915,"data":"\n"}
,{"stream_name":"stdout","time":8.916045991,"data":"=== Benchmarking batched Lanczos (lambda_min/lambda_max via HVP) ===\n"}
,{"stream_name":"stdout","time":9.555699063,"data":"  n=  5: 8.0 ms/call (batch N=200, m=30 Lanczos iters)  lmin range=[-392.78,161.22]\n"}
,{"stream_name":"stdout","time":9.628581141,"data":"  n= 10: 17.9 ms/call (batch N=200, m=30 Lanczos iters)  lmin range=[-392.78,44.23]\n"}
,{"stream_name":"stdout","time":9.814608715,"data":"  n= 25: 46.1 ms/call (batch N=200, m=30 Lanczos iters)  lmin range=[-392.78,-317.93]\n"}
,{"stream_name":"stdout","time":10.029516475,"data":"  n= 50: 53.0 ms/call (batch N=200, m=30 Lanczos iters)  lmin range=[-392.78,-376.45]\n"}
,{"stream_name":"stdout","time":10.029562637,"data":"\n"}
,{"stream_name":"stdout","time":10.029567573,"data":"=== Validating Lanczos accuracy vs dense autodiff Hessian (n=5, 10 points) ===\n"}
,{"stream_name":"stdout","time":10.097655394,"data":"  max |lmin_lanczos - lmin_dense| = 2.84e-13\n"}
,{"stream_name":"stdout","time":10.097699717,"data":"  max |lmax_lanczos - lmax_dense| = 1.14e-13\n"}
,{"stream_name":"stdout","time":10.097705778,"data":"  (should be \u003c 1e-6 for m=30 on a well-conditioned n=5 problem; if not, m needs to increase)\n"}
,{"stream_name":"stdout","time":10.097710868,"data":"\n"}
,{"stream_name":"stdout","time":10.0977149,"data":"=== Benchmarking nD fsolve saddle-search (torch-autodiff gradient function) ===\n"}
,{"stream_name":"stdout","time":10.504229362,"data":"  n=  5: 13.6 ms/call  (30/30 converged)  -\u003e 5000 starts ~ 67.8s\n"}
,{"stream_name":"stdout","time":11.302220867,"data":"  n= 10: 26.6 ms/call  (29/30 converged)  -\u003e 5000 starts ~ 133.0s\n"}
,{"stream_name":"stdout","time":12.92811075,"data":"  n= 25: 54.2 ms/call  (29/30 converged)  -\u003e 5000 starts ~ 271.0s\n"}
,{"stream_name":"stdout","time":16.756355885,"data":"  n= 50: 127.6 ms/call  (26/30 converged)  -\u003e 5000 starts ~ 638.0s\n"}
,{"stream_name":"stdout","time":16.756388019,"data":"\n"}
,{"stream_name":"stdout","time":16.756394738,"data":"=== Extrapolated total cost for the full Ext 2 dimensionality sweep ===\n"}
,{"stream_name":"stdout","time":16.756400142,"data":"  n=  5: trial-grid ~ 3.3 min   saddle-search ~ 3.4 min\n"}
,{"stream_name":"stdout","time":16.756405669,"data":"  n= 10: trial-grid ~ 7.5 min   saddle-search ~ 6.6 min\n"}
,{"stream_name":"stdout","time":16.756410699,"data":"  n= 25: trial-grid ~ 19.4 min   saddle-search ~ 13.5 min\n"}
,{"stream_name":"stdout","time":16.756419552,"data":"  n= 50: trial-grid ~ 22.2 min   saddle-search ~ 31.9 min\n"}
,{"stream_name":"stdout","time":16.756424583,"data":"  n=  2: trial-grid ~ 3.3 min   saddle-search ~ 3.4 min\n"}
,{"stream_name":"stdout","time":16.756429434,"data":"\n"}
,{"stream_name":"stdout","time":16.756433786,"data":"TOTAL estimated Ext2 runtime (n=2,5,10,25,50; 3 funcs; 7 opts; 6 LRs; N=200; T=200; 5000-start fsolve):\n"}
,{"stream_name":"stdout","time":16.756438111,"data":"  saddle-search total: ~58.9 min\n"}
,{"stream_name":"stdout","time":16.756442104,"data":"  trial-grid total:    ~55.8 min\n"}
,{"stream_name":"stdout","time":16.756446122,"data":"  GRAND TOTAL:         ~114.7 min  (~1.91 hours)\n"}
,{"stream_name":"stdout","time":16.756480323,"data":"  Recommended checkpoint granularity: after each (function, dim) pair (15 checkpoints total)\n"}
,{"stream_name":"stdout","time":16.756970258,"data":"\n"}
,{"stream_name":"stdout","time":16.756984244,"data":"Diagnostic report saved to /kaggle/working/results/ext2_diagnostic_report.json\n"}
,{"stream_name":"stderr","time":20.870816471,"data":"/usr/local/lib/python3.12/dist-packages/mistune.py:435: SyntaxWarning: invalid escape sequence '\\|'\n"}
,{"stream_name":"stderr","time":20.870879901,"data":"  cells[i][c] = re.sub('\\\\\\\\\\|', '|', cell)\n"}
,{"stream_name":"stderr","time":21.164725765,"data":"/usr/local/lib/python3.12/dist-packages/nbconvert/filters/filter_links.py:36: SyntaxWarning: invalid escape sequence '\\_'\n"}
,{"stream_name":"stderr","time":21.164750772,"data":"  text = re.sub(r'_', '\\_', text) # Escape underscores in display text\n"}
,{"stream_name":"stderr","time":21.824615719,"data":"[NbConvertApp] Converting notebook __script__.ipynb to html\n"}
,{"stream_name":"stderr","time":23.180704527,"data":"[NbConvertApp] Writing 408702 bytes to __results__.html\n"}
]