[{"stream_name":"stdout","time":9.230811891,"data":"[ext2] device=cuda  torch=2.10.0+cu128  numpy=2.0.2  scipy=1.16.3\n"}
,{"stream_name":"stdout","time":9.231229133,"data":"=== Ext2 dimensionality sweep: Styblinski across n=[2, 5, 10, 25, 50] ===\n"}
,{"stream_name":"stdout","time":9.231239806,"data":"(checkpointing after every dimension -- partial progress survives a crash or timeout on a later dim)\n"}
,{"stream_name":"stdout","time":9.231244955,"data":"\n"}
,{"stream_name":"stdout","time":9.231248868,"data":"--- Styblinski n=2 ---\n"}
,{"stream_name":"stdout","time":94.51357091,"data":"  saddle verified: 3 candidate(s); lambda_min=-15.853 lambda_max=29.270 r_curv=0.2512  (85.3s)\n"}
,{"stream_name":"stdout","time":148.375742891,"data":"  trial grid done (7x6=42 configs, 139.1s total for this dim)\n"}
,{"stream_name":"stdout","time":148.394490791,"data":"  n=2: A-B rho=+0.893   B-D rho=+0.464   (n_optimizers=7)\n"}
,{"stream_name":"stdout","time":149.223557271,"data":"  n=2: Kendall W=0.600  95% CI [0.037,0.852]\n"}
,{"stream_name":"stdout","time":149.223591229,"data":"  --- n=2 checkpoint written. total elapsed 2.3 min ---\n"}
,{"stream_name":"stdout","time":149.223598278,"data":"\n"}
,{"stream_name":"stdout","time":149.223604119,"data":"--- Styblinski n=5 ---\n"}
,{"stream_name":"stdout","time":149.574431601,"data":"  saddle verified: 3 candidate(s); lambda_min=-15.853 lambda_max=29.270 r_curv=0.2512  (0.4s)\n"}
,{"stream_name":"stdout","time":246.932691153,"data":"  trial grid done (7x6=42 configs, 97.7s total for this dim)\n"}
,{"stream_name":"stdout","time":246.943331132,"data":"  n=5: A-B rho=+1.000   B-D rho=+0.464   (n_optimizers=7)\n"}
,{"stream_name":"stdout","time":247.776332606,"data":"  n=5: Kendall W=0.627  95% CI [0.134,0.858]\n"}
,{"stream_name":"stdout","time":247.776365226,"data":"  --- n=5 checkpoint written. total elapsed 4.0 min ---\n"}
,{"stream_name":"stdout","time":247.776369519,"data":"\n"}
,{"stream_name":"stdout","time":247.776372651,"data":"--- Styblinski n=10 ---\n"}
,{"stream_name":"stdout","time":248.417198859,"data":"  saddle verified: 3 candidate(s); lambda_min=-15.853 lambda_max=34.583 r_curv=0.2512  (0.6s)\n"}
,{"stream_name":"stdout","time":434.998543297,"data":"  trial grid done (7x6=42 configs, 187.2s total for this dim)\n"}
,{"stream_name":"stdout","time":435.009214736,"data":"  n=10: A-B rho=+0.964   B-D rho=+0.429   (n_optimizers=7)\n"}
,{"stream_name":"stdout","time":435.831986086,"data":"  n=10: Kendall W=0.592  95% CI [0.040,0.839]\n"}
,{"stream_name":"stdout","time":435.832012978,"data":"  --- n=10 checkpoint written. total elapsed 7.1 min ---\n"}
,{"stream_name":"stdout","time":435.832019098,"data":"\n"}
,{"stream_name":"stdout","time":435.832023905,"data":"--- Styblinski n=25 ---\n"}
,{"stream_name":"stdout","time":437.055209684,"data":"  saddle verified: 3 candidate(s); lambda_min=-15.853 lambda_max=34.583 r_curv=0.2512  (1.2s)\n"}
,{"stream_name":"stdout","time":887.645940703,"data":"  trial grid done (7x6=42 configs, 451.8s total for this dim)\n"}
,{"stream_name":"stdout","time":887.656718849,"data":"  n=25: A-B rho=+0.612   B-D rho=+0.429   (n_optimizers=7)\n"}
,{"stream_name":"stdout","time":888.515520586,"data":"  n=25: Kendall W=0.515  95% CI [0.074,0.790]\n"}
,{"stream_name":"stdout","time":888.515548589,"data":"  --- n=25 checkpoint written. total elapsed 14.7 min ---\n"}
,{"stream_name":"stdout","time":888.515554562,"data":"\n"}
,{"stream_name":"stdout","time":888.515559475,"data":"--- Styblinski n=50 ---\n"}
,{"stream_name":"stdout","time":890.683415971,"data":"  saddle verified: 3 candidate(s); lambda_min=-15.853 lambda_max=34.583 r_curv=0.2512  (2.2s)\n"}
,{"stream_name":"stdout","time":1436.859849862,"data":"  trial grid done (7x6=42 configs, 548.3s total for this dim)\n"}
,{"stream_name":"stdout","time":1436.871912129,"data":"  n=50: A-B rho=+0.612   B-D rho=+0.429   (n_optimizers=7)\n"}
,{"stream_name":"stdout","time":1437.769937094,"data":"  n=50: Kendall W=0.515  95% CI [0.074,0.792]\n"}
,{"stream_name":"stdout","time":1437.769977718,"data":"  --- n=50 checkpoint written. total elapsed 23.8 min ---\n"}
,{"stream_name":"stdout","time":1437.769984127,"data":"\n"}
,{"stream_name":"stdout","time":1437.769989233,"data":"Styblinski dimensionality sweep complete. Total: 23.8 min\n"}
,{"stream_name":"stdout","time":1437.76999531,"data":"Files in /kaggle/working/results/ (ext2_Styblinski_*.csv) and /kaggle/working/results/raw/ (per-dim raw pickles)\n"}
,{"stream_name":"stderr","time":1442.615960035,"data":"/usr/local/lib/python3.12/dist-packages/mistune.py:435: SyntaxWarning: invalid escape sequence '\\|'\n"}
,{"stream_name":"stderr","time":1442.616031362,"data":"  cells[i][c] = re.sub('\\\\\\\\\\|', '|', cell)\n"}
,{"stream_name":"stderr","time":1442.910934438,"data":"/usr/local/lib/python3.12/dist-packages/nbconvert/filters/filter_links.py:36: SyntaxWarning: invalid escape sequence '\\_'\n"}
,{"stream_name":"stderr","time":1442.910968907,"data":"  text = re.sub(r'_', '\\_', text) # Escape underscores in display text\n"}
,{"stream_name":"stderr","time":1443.600388462,"data":"[NbConvertApp] Converting notebook __script__.ipynb to html\n"}
,{"stream_name":"stderr","time":1445.013623033,"data":"[NbConvertApp] Writing 447714 bytes to __results__.html\n"}
]