[{"stream_name":"stdout","time":7.812273692,"data":"[ext3] device=cuda  torch=2.10.0+cu128  numpy=2.0.2  scipy=1.16.3\n"}
,{"stream_name":"stdout","time":7.812567705,"data":"\n"}
,{"stream_name":"stdout","time":7.812584044,"data":"Continuous curvature sweep: 18 k-values from 0.0 to 10.0, 7 optimizers x 6 LRs = 756 configs\n"}
,{"stream_name":"stdout","time":7.812588583,"data":"\n"}
,{"stream_name":"stdout","time":7.8125922,"data":"Verifying saddle at (0,0) for every k (analytic + finite-difference cross-check)...\n"}
,{"stream_name":"stdout","time":8.183501804,"data":"  18/18 k-values verified as saddles at (0,0). (analytic-vs-finite-diff lmin agreement: max diff = 2.60e-05)\n"}
,{"stream_name":"stdout","time":63.512944186,"data":"  k=0.000 done. (55.3s elapsed)\n"}
,{"stream_name":"stdout","time":114.130880937,"data":"  k=0.588 done. (105.9s elapsed)\n"}
,{"stream_name":"stdout","time":164.659752407,"data":"  k=1.177 done. (156.5s elapsed)\n"}
,{"stream_name":"stdout","time":214.77729887,"data":"  k=1.765 done. (206.6s elapsed)\n"}
,{"stream_name":"stdout","time":265.408781841,"data":"  k=2.353 done. (257.2s elapsed)\n"}
,{"stream_name":"stdout","time":315.039972467,"data":"  k=2.941 done. (306.9s elapsed)\n"}
,{"stream_name":"stdout","time":365.244388872,"data":"  k=3.529 done. (357.1s elapsed)\n"}
,{"stream_name":"stdout","time":414.850157853,"data":"  k=4.118 done. (406.7s elapsed)\n"}
,{"stream_name":"stdout","time":465.462805967,"data":"  k=4.706 done. (457.3s elapsed)\n"}
,{"stream_name":"stdout","time":515.13529475,"data":"  k=5.294 done. (507.0s elapsed)\n"}
,{"stream_name":"stdout","time":565.059781577,"data":"  k=5.882 done. (556.9s elapsed)\n"}
,{"stream_name":"stdout","time":615.005661981,"data":"  k=6.471 done. (606.8s elapsed)\n"}
,{"stream_name":"stdout","time":665.191825893,"data":"  k=7.059 done. (657.0s elapsed)\n"}
,{"stream_name":"stdout","time":714.779858973,"data":"  k=7.647 done. (706.6s elapsed)\n"}
,{"stream_name":"stdout","time":764.627710607,"data":"  k=8.235 done. (756.4s elapsed)\n"}
,{"stream_name":"stdout","time":814.535034806,"data":"  k=8.823 done. (806.4s elapsed)\n"}
,{"stream_name":"stdout","time":863.700532723,"data":"  k=9.412 done. (855.5s elapsed)\n"}
,{"stream_name":"stdout","time":913.500369704,"data":"  k=10.000 done. (905.3s elapsed)\n"}
,{"stream_name":"stdout","time":913.585418294,"data":"Raw trial data saved to /kaggle/working/results/raw/ext3_raw_trials.pkl\n"}
,{"stream_name":"stdout","time":913.621554144,"data":"\n"}
,{"stream_name":"stdout","time":913.621573409,"data":"Kendall's W across the 4 criteria, per k, with bootstrap CI\n"}
,{"stream_name":"stdout","time":914.443184709,"data":"  k= 0.000  W=0.280  95% CI [0.057, 0.432]  (n_items=7)\n"}
,{"stream_name":"stdout","time":915.235087731,"data":"  k= 0.588  W=0.662  95% CI [0.170, 0.860]  (n_items=7)\n"}
,{"stream_name":"stdout","time":916.057867167,"data":"  k= 1.177  W=0.523  95% CI [0.003, 0.827]  (n_items=7)\n"}
,{"stream_name":"stdout","time":916.852734964,"data":"  k= 1.765  W=0.587  95% CI [0.013, 0.857]  (n_items=7)\n"}
,{"stream_name":"stdout","time":917.657469843,"data":"  k= 2.353  W=0.621  95% CI [0.040, 0.862]  (n_items=7)\n"}
,{"stream_name":"stdout","time":918.470985836,"data":"  k= 2.941  W=0.612  95% CI [0.040, 0.893]  (n_items=7)\n"}
,{"stream_name":"stdout","time":919.274643586,"data":"  k= 3.529  W=0.768  95% CI [0.263, 0.946]  (n_items=7)\n"}
,{"stream_name":"stdout","time":920.055984281,"data":"  k= 4.118  W=0.782  95% CI [0.271, 0.964]  (n_items=7)\n"}
,{"stream_name":"stdout","time":920.850488721,"data":"  k= 4.706  W=0.765  95% CI [0.268, 0.946]  (n_items=7)\n"}
,{"stream_name":"stdout","time":921.661735346,"data":"  k= 5.294  W=0.587  95% CI [0.062, 0.911]  (n_items=7)\n"}
,{"stream_name":"stdout","time":922.456275945,"data":"  k= 5.882  W=0.587  95% CI [0.080, 0.912]  (n_items=7)\n"}
,{"stream_name":"stdout","time":923.251848214,"data":"  k= 6.471  W=0.587  95% CI [0.062, 0.911]  (n_items=7)\n"}
,{"stream_name":"stdout","time":924.043632721,"data":"  k= 7.059  W=0.590  95% CI [0.089, 0.924]  (n_items=7)\n"}
,{"stream_name":"stdout","time":924.829861318,"data":"  k= 7.647  W=0.587  95% CI [0.080, 0.911]  (n_items=7)\n"}
,{"stream_name":"stdout","time":925.645390466,"data":"  k= 8.235  W=0.440  95% CI [0.019, 0.804]  (n_items=7)\n"}
,{"stream_name":"stdout","time":926.443086828,"data":"  k= 8.823  W=0.453  95% CI [0.030, 0.780]  (n_items=7)\n"}
,{"stream_name":"stdout","time":927.272344946,"data":"  k= 9.412  W=0.453  95% CI [0.027, 0.780]  (n_items=7)\n"}
,{"stream_name":"stdout","time":928.076184073,"data":"  k=10.000  W=0.452  95% CI [0.027, 0.786]  (n_items=7)\n"}
,{"stream_name":"stdout","time":928.077657445,"data":"\n"}
,{"stream_name":"stdout","time":928.07767698,"data":"Correlation between oscillation-density parameter k and Kendall's W\n"}
,{"stream_name":"stdout","time":929.032383241,"data":"  Spearman rho(k, W) = -0.361  (n=18 k-values)  95% bootstrap CI [-0.820, +0.257]\n"}
,{"stream_name":"stdout","time":929.032537166,"data":"\n"}
,{"stream_name":"stdout","time":929.032558798,"data":"Ext3 done. Total elapsed: 920.8s. Files in /kaggle/working/results/\n"}
,{"stream_name":"stderr","time":933.074430305,"data":"/usr/local/lib/python3.12/dist-packages/mistune.py:435: SyntaxWarning: invalid escape sequence '\\|'\n"}
,{"stream_name":"stderr","time":933.074497542,"data":"  cells[i][c] = re.sub('\\\\\\\\\\|', '|', cell)\n"}
,{"stream_name":"stderr","time":933.297185971,"data":"/usr/local/lib/python3.12/dist-packages/nbconvert/filters/filter_links.py:36: SyntaxWarning: invalid escape sequence '\\_'\n"}
,{"stream_name":"stderr","time":933.29720953,"data":"  text = re.sub(r'_', '\\_', text) # Escape underscores in display text\n"}
,{"stream_name":"stderr","time":933.897332825,"data":"[NbConvertApp] Converting notebook __script__.ipynb to html\n"}
,{"stream_name":"stderr","time":935.100457218,"data":"[NbConvertApp] Writing 393361 bytes to __results__.html\n"}
]